// Jest Snapshot v1, https://goo.gl/fbAQLP

exports[`contract — OpenAPI surface snapshot public endpoint contract is stable (snapshot) 1`] = `
"DELETE /api/v1/account                                              → 204                  :: AccountController_deleteMyAccount
DELETE /api/v1/account/trusted-contacts/{id}                        → 204,404              :: TrustedContactsController_remove
DELETE /api/v1/admin/media/{id}                                     → 204,404              :: AdminMediaController_remove
DELETE /api/v1/admin/places/{id}                                    → 204,404              :: AdminController_remove
DELETE /api/v1/admin/safety/scam-reports/{id}                       → 204,404              :: AdminScamModerationController_dismiss
DELETE /api/v1/admin/trips/{id}                                     → 204                  :: AdminTripsController_remove
DELETE /api/v1/comments/{id}                                        → 200                  :: CommentsController_remove
DELETE /api/v1/feed/trips/{tripId}/publish                          → 200                  :: FeedController_unpublish
DELETE /api/v1/memory-books/{id}                                    → 204,404              :: MemoryBookController_remove
DELETE /api/v1/notifications/push/subscribe                         → 204,404              :: PushSubscriptionsController_unsubscribe
DELETE /api/v1/notifications/{id}                                   → 204,404              :: NotificationsController_remove
DELETE /api/v1/reviews/{id}                                         → 204,404              :: ReviewsController_remove
DELETE /api/v1/trips/{id}                                           → 204,404              :: TripController_remove
DELETE /api/v1/trips/{id}/share/{code}                              → 204                  :: TripController_revokeShare
DELETE /api/v1/trips/{tripId}/expenses/{id}                         → 204,404              :: ExpensesController_remove
DELETE /api/v1/trips/{tripId}/votes                                 → 204                  :: SocialController_revoke
DELETE /api/v1/users/{id}/block                                     → 200                  :: FollowController_unblock
DELETE /api/v1/users/{id}/follow                                    → 200                  :: FollowController_unfollow
GET    /api/v1/account/export                                       → 200                  :: AccountController_exportMyData
GET    /api/v1/account/export.ndjson                                → 200                  :: AccountController_exportMyDataNdjson
GET    /api/v1/account/preferences                                  → 200                  :: PreferencesController_getMine
GET    /api/v1/account/stats                                        → 200                  :: AccountController_storageStats
GET    /api/v1/account/trusted-contacts                             → 200                  :: TrustedContactsController_list
GET    /api/v1/admin/agents                                         → 200                  :: AdminAgentsController_list
GET    /api/v1/admin/audit-logs                                     → 200                  :: AdminAuditLogsController_list
GET    /api/v1/admin/identity/jwks/kids                             → 200                  :: JwksAdminController_kids
GET    /api/v1/admin/media                                          → 200,400              :: AdminMediaController_list
GET    /api/v1/admin/safety/scam-reports                            → 200                  :: AdminScamModerationController_list
GET    /api/v1/admin/safety/sos-events                              → 200,400              :: AdminSosController_list
GET    /api/v1/admin/trips                                          → 200,403              :: AdminTripsController_list
GET    /api/v1/admin/users                                          → 200,400              :: AdminUsersController_list
GET    /api/v1/admin/users/appeals                                  → 200                  :: AdminUsersController_listAppeals
GET    /api/v1/agent/me                                             → 200,404              :: AgentSelfController_me
GET    /api/v1/agent/me/dashboard                                   → 200,404              :: AgentSelfController_dashboard
GET    /api/v1/agent/runs/{id}                                      → 404                  :: AgentController_getRun
GET    /api/v1/agent/status                                         → 200                  :: AgentController_status
GET    /api/v1/agent/trips/{tripId}/proposals                       → 200                  :: AgentController_listTripProposalsRoute
GET    /api/v1/agents/{id}/review-summary                           → 200                  :: AgentReviewSummaryController_summary
GET    /api/v1/auth/me                                              → 200,401              :: AuthController_me
GET    /api/v1/compliance/retention                                 → 200                  :: ComplianceController_retention
GET    /api/v1/compliance/takedowns                                 → 200                  :: ComplianceController_takedowns
GET    /api/v1/connectivity/{countryCode}                           → 200,404              :: ConnectivityController_byCountry
GET    /api/v1/diary/entries                                        → 200                  :: DiaryController_list
GET    /api/v1/diary/gamification                                   → 200                  :: DiaryController_gamification
GET    /api/v1/eateries/{eateryId}/dishes                           → 200                  :: FoodController_dishes
GET    /api/v1/eateries/{id}/review-summary                         → 200                  :: EateryReviewSummaryController_summary
GET    /api/v1/events/festivals                                     → 200,422              :: EventsController_festivals
GET    /api/v1/feed                                                 → 200                  :: FeedController_socialFeed
GET    /api/v1/feed/creators/{id}                                   → 200                  :: FeedController_creator
GET    /api/v1/feed/me                                              → 200,400              :: FeedController_me
GET    /api/v1/feed/people                                          → 200                  :: FeedController_people
GET    /api/v1/feed/trips/{tripId}/buddies                          → 200                  :: FeedController_buddies
GET    /api/v1/feed/trips/{tripId}/publish                          → 200,404              :: FeedController_publicationStatus
GET    /api/v1/feed/trips/{tripId}/similar                          → 200                  :: FeedController_similar
GET    /api/v1/media/trip/{tripId}                                  → 200                  :: MediaController_listByTrip
GET    /api/v1/media/{id}/download-url                              → 200,404              :: MediaController_downloadUrl
GET    /api/v1/memory-books                                         → 200                  :: MemoryBookController_list
GET    /api/v1/memory-books/featured                                → 200                  :: MemoryBookController_featured
GET    /api/v1/memory-books/public/{id}                             → 200,404              :: MemoryBookController_getPublic
GET    /api/v1/memory-books/public/{id}/assets/{assetId}/download-url → 200,404              :: MemoryBookController_getPublicAssetDownloadUrl
GET    /api/v1/memory-books/{id}                                    → 200,404              :: MemoryBookController_getOne
GET    /api/v1/metrics-public                                       → 200                  :: PublicMetricsController_get
GET    /api/v1/notifications/me                                     → 200,400              :: NotificationsController_listMine
GET    /api/v1/notifications/me/unread-count                        → 200                  :: NotificationsController_unreadCount
GET    /api/v1/notifications/preferences                            → 200                  :: NotificationPreferencesController_getMine
GET    /api/v1/payments/me/subscription                             → 200                  :: PaymentsController_mySubscription
GET    /api/v1/places/{id}/review-summary                           → 200                  :: PlaceReviewSummaryController_summary
GET    /api/v1/reviews                                              → 200,400              :: ReviewsController_listForTarget
GET    /api/v1/reviews/mine                                         → 200                  :: ReviewsController_listMine
GET    /api/v1/reviews/summary                                      → 200,400              :: ReviewsController_summary
GET    /api/v1/safety/country-primer/{countryCode}                  → 200,404              :: CountryPrimerController_get
GET    /api/v1/safety/emergency-numbers/{countryCode}               → 200,404              :: EmergencyNumbersController_get
GET    /api/v1/safety/sos                                           → 200                  :: SosController_listMine
GET    /api/v1/stays/{id}/review-summary                            → 200                  :: StayReviewSummaryController_summary
GET    /api/v1/trips                                                → 200                  :: TripController_list
GET    /api/v1/trips/shared/{code}                                  → 200,404              :: TripController_getSharedTrip
GET    /api/v1/trips/shared/{code}/hearts                           → 200,404              :: SharedTripReactController_getHearts
GET    /api/v1/trips/suggestions                                    → 200                  :: TripController_suggestions
GET    /api/v1/trips/{id}                                           → 200,404              :: TripController_getOne
GET    /api/v1/trips/{id}/center                                    → 200,401,404          :: TripController_center
GET    /api/v1/trips/{id}/eateries                                  → 200                  :: TripController_eateries
GET    /api/v1/trips/{id}/events                                    → 422                  :: TripController_events
GET    /api/v1/trips/{id}/itinerary                                 → 200,404              :: TripController_getItinerary
GET    /api/v1/trips/{id}/overview                                  → 200                  :: TripController_overview
GET    /api/v1/trips/{id}/shares                                    → 200                  :: TripController_listShares
GET    /api/v1/trips/{id}/stays                                     → 200                  :: TripController_stays
GET    /api/v1/trips/{id}/transport-legs                            → 200                  :: TripController_transportLegs
GET    /api/v1/trips/{id}/weather                                   → 200                  :: TripController_weather
GET    /api/v1/trips/{tripId}/comments                              → 200                  :: CommentsController_list
GET    /api/v1/trips/{tripId}/days/{dayId}/route-coords             → 200,404              :: TripController_dayRouteCoords
GET    /api/v1/trips/{tripId}/expenses                              → 200                  :: ExpensesController_list
GET    /api/v1/trips/{tripId}/expenses/balances                     → 200                  :: ExpensesController_balances
GET    /api/v1/trips/{tripId}/expenses/settle-up                    → 200                  :: ExpensesController_settleUp
GET    /api/v1/trips/{tripId}/votes                                 → 200                  :: SocialController_list
GET    /api/v1/users/{id}/followers                                 → 200                  :: FollowController_followers
GET    /api/v1/users/{id}/following                                 → 200                  :: FollowController_following
GET    /api/v1/users/{userId}/profile                               → 200,404              :: PublicUserProfileController_profile
GET    /api/v1/votes/summary                                        → 200,400              :: VotesController_summary
GET    /api/v1/weather/forecast                                     → 200,422,502          :: WeatherController_forecast
GET    /api/v1/weather/forecast/hourly                              → 200,422,502          :: WeatherController_hourly
GET    /health/live                                                 → 200                  :: HealthController_live
GET    /health/ready                                                → 200,503              :: HealthController_ready
GET    /health/startup                                              → 200,503              :: HealthController_startup
GET    /metrics                                                     → 200                  :: MetricsController_scrape
PATCH  /api/v1/account/preferences                                  → 200,422              :: PreferencesController_updateMine
PATCH  /api/v1/agent/me                                             → 200,404,422          :: AgentSelfController_update
PATCH  /api/v1/media/{id}/memory-book                               → 200,404              :: MediaController_attachToBook
PATCH  /api/v1/media/{id}/trip                                      → 200,404              :: MediaController_attachToTrip
PATCH  /api/v1/memory-books/{id}                                    → 200,404              :: MemoryBookController_update
PATCH  /api/v1/memory-books/{id}/asset-order                        → 204,404,422          :: MemoryBookController_reorderAssets
PATCH  /api/v1/memory-books/{id}/assets/{assetId}/caption           → 200,404              :: MemoryBookController_updateAssetCaption
PATCH  /api/v1/notifications/preferences                            → 200,422              :: NotificationPreferencesController_updateMine
PATCH  /api/v1/trips/{id}                                           → 200,404              :: TripController_update
PATCH  /api/v1/trips/{tripId}/itinerary/{dayId}                     → 200,404              :: TripController_updateDay
POST   /api/v1/account/appeal                                       → 200,422              :: AccountController_appeal
POST   /api/v1/account/reactivate                                   → 200,401,404          :: AccountController_reactivate
POST   /api/v1/account/trusted-contacts                             → 201,422              :: TrustedContactsController_add
POST   /api/v1/admin/account-purge                                  → 200                  :: AdminPurgeController_forcePurge
POST   /api/v1/admin/agents/{id}/reject                             → 200,400,404          :: AdminAgentsController_reject
POST   /api/v1/admin/agents/{id}/verify                             → 200,404              :: AdminAgentsController_verify
POST   /api/v1/admin/identity/jwks/rotate                           → 200,403              :: JwksAdminController_rotate
POST   /api/v1/admin/places                                         → 201                  :: AdminController_create
POST   /api/v1/admin/safety/scam-reports/{id}/unverify              → 200,404              :: AdminScamModerationController_unverify
POST   /api/v1/admin/safety/scam-reports/{id}/verify                → 200,404              :: AdminScamModerationController_verify
POST   /api/v1/admin/safety/sos-events/{id}/resolve                 → 200,404              :: AdminSosController_resolve
POST   /api/v1/admin/trips/{id}/archive                             → 204                  :: AdminTripsController_archive
POST   /api/v1/admin/users/{id}/ban                                 → 204,404,422          :: AdminUsersController_ban
POST   /api/v1/admin/users/{id}/unban                               → 204,404              :: AdminUsersController_unban
POST   /api/v1/agent/proposals/{id}/accept                          → 404                  :: AgentController_acceptProposal
POST   /api/v1/agent/proposals/{id}/decline                         → 404                  :: AgentController_declineProposal
POST   /api/v1/agents/match-for-trip                                → 200,403,404          :: AgentsController_matchForTrip
POST   /api/v1/auth/login                                           → 200,401              :: AuthController_login
POST   /api/v1/auth/logout                                          → 204                  :: AuthController_logout
POST   /api/v1/auth/magic-link/consume                              → 200,401              :: AuthController_magicLinkConsume
POST   /api/v1/auth/magic-link/request                              → 200                  :: AuthController_magicLinkRequest
POST   /api/v1/auth/mfa/backup-codes/regenerate                     → 200                  :: AuthController_regenerateBackupCodes
POST   /api/v1/auth/mfa/disable                                     → 204                  :: AuthController_mfaDisable
POST   /api/v1/auth/mfa/setup                                       → 200                  :: AuthController_mfaSetup
POST   /api/v1/auth/mfa/verify                                      → 200                  :: AuthController_mfaVerify
POST   /api/v1/auth/oauth/{provider}                                → 200,401              :: AuthController_oauth
POST   /api/v1/auth/onboarding/complete                             → 200,401              :: AuthController_onboardingComplete
POST   /api/v1/auth/otp/request                                     → 200                  :: AuthController_otpRequest
POST   /api/v1/auth/otp/verify                                      → 200,401              :: AuthController_otpVerify
POST   /api/v1/auth/password-reset/consume                          → 200,401,422          :: AuthController_passwordResetConsume
POST   /api/v1/auth/password-reset/request                          → 200                  :: AuthController_passwordResetRequest
POST   /api/v1/auth/refresh                                         → 200,401              :: AuthController_refresh
POST   /api/v1/auth/register                                        → 201,409              :: AuthController_register
POST   /api/v1/diary/assist                                         → 200,422              :: DiaryController_assistEntry
POST   /api/v1/diary/entries                                        → 201,422              :: DiaryController_create
POST   /api/v1/eateries/search                                      → 200                  :: FoodController_search
POST   /api/v1/eateries/{eateryId}/dishes                           → 201                  :: FoodController_createDish
POST   /api/v1/events/search                                        → 200,422              :: EventsController_search
POST   /api/v1/feed/trips/{tripId}/publish                          → 200,404,422          :: FeedController_publish
POST   /api/v1/media/upload-url                                     → 201                  :: MediaController_createUploadUrl
POST   /api/v1/media/{id}/confirm                                   → 200,404              :: MediaController_confirm
POST   /api/v1/memory-books                                         → 201                  :: MemoryBookController_create
POST   /api/v1/memory-books/{id}/publish                            → 200,404              :: MemoryBookController_publish
POST   /api/v1/memory-books/{id}/unpublish                          → 200,404              :: MemoryBookController_unpublish
POST   /api/v1/near-me                                              → 200,422              :: NearMeController_nearMe
POST   /api/v1/notifications/push/subscribe                         → 201,422              :: PushSubscriptionsController_subscribe
POST   /api/v1/notifications/read-all                               → 200                  :: NotificationsController_markAllRead
POST   /api/v1/notifications/{id}/archive                           → 204,404              :: NotificationsController_archive
POST   /api/v1/notifications/{id}/read                              → 200,404              :: NotificationsController_markRead
POST   /api/v1/notifications/{id}/unread                            → 200,404              :: NotificationsController_markUnread
POST   /api/v1/payments/checkout                                    → 200,503              :: PaymentsController_checkout
POST   /api/v1/payments/me/portal-url                               → 200,503              :: PaymentsController_portalUrl
POST   /api/v1/payments/webhook                                     → 200,400,503          :: PaymentsController_webhook
POST   /api/v1/places/federated-search                              → 200                  :: PlacesController_federated
POST   /api/v1/places/hidden-gems                                   → 200                  :: PlacesController_hiddenGems
POST   /api/v1/places/search                                        → 200                  :: PlacesController_search
POST   /api/v1/reviews                                              → 201                  :: ReviewsController_create
POST   /api/v1/reviews/{id}/helpful                                 → 200,403,404          :: ReviewsController_helpful
POST   /api/v1/reviews/{id}/response                                → 200,403,404,409,422  :: ReviewsController_respond
POST   /api/v1/safety/crimes/search                                 → 200                  :: CrimeLayerController_search
POST   /api/v1/safety/scam-reports                                  → 201                  :: SafetyController_report
POST   /api/v1/safety/scam-reports/search                           → 200                  :: SafetyController_search
POST   /api/v1/safety/score                                         → 200                  :: SafetyScoreController_score
POST   /api/v1/safety/sos                                           → 201                  :: SosController_trigger
POST   /api/v1/safety/sos/{id}/cancel                               → 200,404              :: SosController_cancel
POST   /api/v1/safety/sos/{id}/resolve                              → 200,404              :: SosController_resolve
POST   /api/v1/stays/search                                         → 200,422              :: StaysController_search
POST   /api/v1/translation/translate                                → 200,422              :: TranslationController_translate
POST   /api/v1/transport/navigation                                 → 200,422              :: TransportController_navigation
POST   /api/v1/transport/routes                                     → 200,422              :: TransportController_routes
POST   /api/v1/trips                                                → 201                  :: TripController_create
POST   /api/v1/trips/items/{itemId}/complete                        → 200,404              :: TripController_completeItem
POST   /api/v1/trips/items/{itemId}/uncomplete                      → 200,404              :: TripController_uncompleteItem
POST   /api/v1/trips/sample-plan                                    → 200                  :: TripController_samplePlan
POST   /api/v1/trips/shared/{code}/clone                            → 201,404              :: TripController_cloneShared
POST   /api/v1/trips/shared/{code}/heart                            → 200,404,429          :: SharedTripReactController_heartTrip
POST   /api/v1/trips/{id}/archive                                   → 200,404              :: TripController_archive
POST   /api/v1/trips/{id}/duplicate                                 → 201,404              :: TripController_duplicate
POST   /api/v1/trips/{id}/itinerary                                 → 200,422              :: TripController_buildItinerary
POST   /api/v1/trips/{id}/itinerary/shift                           → 200,404,422          :: TripController_shiftItinerary
POST   /api/v1/trips/{id}/lock                                      → 200,404              :: TripController_lock
POST   /api/v1/trips/{id}/place-suggestions                         → 200,404              :: TripController_placeSuggestions
POST   /api/v1/trips/{id}/plan-with-ai                              → 200,404              :: TripController_planWithAi
POST   /api/v1/trips/{id}/share                                     → 201,404,422          :: TripController_share
POST   /api/v1/trips/{id}/unarchive                                 → 200,404              :: TripController_unarchive
POST   /api/v1/trips/{id}/unlock                                    → 200,404              :: TripController_unlock
POST   /api/v1/trips/{tripId}/comments                              → 201                  :: CommentsController_create
POST   /api/v1/trips/{tripId}/days/{dayId}/optimize                 → 200,404              :: TripController_optimizeDay
POST   /api/v1/trips/{tripId}/expenses                              → 201                  :: ExpensesController_create
POST   /api/v1/trips/{tripId}/food-crawl                            → 201                  :: FoodCrawlController_build
POST   /api/v1/trips/{tripId}/votes                                 → 200                  :: SocialController_cast
POST   /api/v1/users/{id}/block                                     → 200                  :: FollowController_block
POST   /api/v1/users/{id}/follow                                    → 200                  :: FollowController_follow"
`;
